
> fmanager@0.1.0 build
> next build

Γû▓ Next.js 16.1.6 (Turbopack)
- Environments: .env.local

  Creating an optimized production build ...
Γ£ô Compiled successfully in 9.0s
  Running TypeScript ...
node.exe : Failed to compile.
At line:1 char:1
+ & "C:\Program Files\nodejs/node.exe" 
"C:\Users\Tahsin\AppData\Roaming ...
+ ~~~~~~~~~~~~~~~~~~~~~~~~~~~~~~~~~~~~~
~~~~~~~~~~~~~~~~~~~~~~~~~~~~~~~~
    + CategoryInfo          : NotSpeci 
   fied: (Failed to compile.:String)   
  [], RemoteException
    + FullyQualifiedErrorId : NativeCo 
   mmandError
 

./src/app/app/page.tsx:253:180
Type error: Cannot find name 'Upload'.

[0m [90m 251 |[39m                  
                       
[33m<[39m[33mdiv[39m 
className[33m=[39m[32m"flex 
flex-col items-center gap-1 opacity-100
"[39m[33m>[39m[33m<[39m[33mBarCha
rt3[39m className[33m=[39m[32m"h-5 
w-5 text-teal-400"[39m [33m/[39m[33
m>[39m[33m<[39m[33m/[39m[33mdiv[
39m[33m>[39m
 [90m 252 |[39m                      
                   
[33m<[39m[33mdiv[39m 
className[33m=[39m[32m"flex 
flex-col items-center gap-1 opacity-50 
hover:opacity-100 transition-opacity"[
39m[33m>[39m[33m<[39m[33mTruck[39
m className[33m=[39m[32m"h-5 
w-5"[39m [33m/[39m[33m>[39m[33m<
[39m[33m/[39m[33mdiv[39m[33m>[39m
[31m[1m>[22m[39m[90m 253 |[39m   
                                      
[33m<[39m[33mdiv[39m 
className[33m=[39m[32m"h-10 w-10 
rounded-full bg-white text-black flex 
items-center justify-center mb-4 shadow
-[0_0_20px_rgba(255,255,255,0.3)]"[39m
[33m>[39m[33m<[39m[33mUpload[39m 
className[33m=[39m[32m"h-5 
w-5"[39m [33m/[39m[33m>[39m[33m<
[39m[33m/[39m[33mdiv[39m[33m>[39m
 [90m     |[39m                      
                                       
                                       
                                       
                                       
  [31m[1m^[22m[39m
 [90m 254 |[39m                      
                   
[33m<[39m[33mdiv[39m 
className[33m=[39m[32m"flex 
flex-col items-center gap-1 opacity-50 
hover:opacity-100 transition-opacity"[
39m[33m>[39m[33m<[39m[33mZap[39m 
className[33m=[39m[32m"h-5 
w-5"[39m [33m/[39m[33m>[39m[33m<
[39m[33m/[39m[33mdiv[39m[33m>[39m
 [90m 255 |[39m                      
                   
[33m<[39m[33mdiv[39m 
className[33m=[39m[32m"flex 
flex-col items-center gap-1 opacity-50 
hover:opacity-100 transition-opacity"[
39m[33m>[39m[33m<[39m[33mStore[39
m className[33m=[39m[32m"h-5 
w-5"[39m [33m/[39m[33m>[39m[33m<
[39m[33m/[39m[33mdiv[39m[33m>[39m
 [90m 256 |[39m                      
               [33m<[39m[33m/[39m[
33mdiv[39m[33m>[39m[0m
Next.js build worker exited with code: 
1 and signal: null
